2026-01-07 22:32:55,339  INFO __main__ - ===== cuDF (list + arrow): 4.0038902759552 seconds
2026-01-07 22:32:59,214  INFO __main__ - ===== cuDF (list): 3.8742177486419678 seconds
2026-01-07 22:33:30,122  INFO __main__ - ===== cuDF (list + CPU): 30.9073224067688 seconds
2026-01-07 22:33:33,326  INFO __main__ - ===== cuDF (concat): 3.2042829990386963 seconds
2026-01-07 22:33:36,496  INFO __main__ - ===== cuDF (concat + pandas): concat: 3.1696672439575195 seconds
2026-01-07 22:35:11,863  INFO __main__ - ===== cuDF (concat + pandas): to_pandas: 95.36600756645203 seconds
2026-01-07 22:35:11,863  INFO __main__ - ===== cuDF (concat + pandas): 98.5357916355133 total seconds
2026-01-07 22:35:15,041  INFO __main__ - ===== cuDF (concat + numpy): concat: 3.1776328086853027 seconds
2026-01-07 22:35:15,502  INFO __main__ - ===== cuDF (concat + numpy): to_numpy: 0.46067309379577637 seconds
2026-01-07 22:35:15,502  INFO __main__ - ===== cuDF (concat + numpy): 3.6384289264678955 seconds
2026-01-07 22:36:57,918  INFO __main__ - ===== cuDF (list + pandas): 102.41556167602539 seconds
2026-01-07 22:37:07,162	INFO worker.py:1998 -- Started a local Ray instance. View the dashboard at [1m[32m127.0.0.1:8265 [39m[22m
/home/leey/miniforge3/envs/rapids-25.12/lib/python3.10/site-packages/ray/_private/worker.py:2046: FutureWarning: Tip: In future versions of Ray, Ray will no longer override accelerator visible devices env var if num_gpus=0 or num_gpus=None (default). To enable this behavior and turn off this error message, set RAY_ACCEL_ENV_VAR_OVERRIDE_ON_ZERO=0
  warnings.warn(
2026-01-07 22:37:11,053	INFO progress_bar.py:155 -- Progress bar disabled because stdout is a non-interactive terminal.
2026-01-07 22:37:13,266	INFO progress_bar.py:213 -- === Ray Data Progress {Parquet dataset sampling} ===
2026-01-07 22:37:13,266	INFO progress_bar.py:215 -- Parquet dataset sampling: Progress Completed 1 / 2
2026-01-07 22:37:13,338	INFO parquet_datasource.py:1048 -- Estimated parquet encoding ratio is 1.689.
2026-01-07 22:37:13,338	INFO parquet_datasource.py:1108 -- Estimated parquet reader batch size at 27444 rows
2026-01-07 22:37:13,919	INFO logging.py:397 -- Registered dataset logger for dataset dataset_1_0
2026-01-07 22:37:13,930	INFO streaming_executor.py:178 -- Starting execution of Dataset dataset_1_0. Full logs are in /tmp/ray/session_2026-01-07_22-36-58_024831_3239972/logs/ray-data
2026-01-07 22:37:13,930	INFO streaming_executor.py:179 -- Execution plan of Dataset dataset_1_0: InputDataBuffer[Input] -> TaskPoolMapOperator[ReadParquet] -> TaskPoolMapOperator[MapBatches(minhash_gpu_pandas)]
2026-01-07 22:37:13,941	INFO streaming_executor.py:686 -- [dataset]: A new progress UI is available. To enable, set `ray.data.DataContext.get_current().enable_rich_progress_bars = True` and `ray.data.DataContext.get_current().use_ray_tqdm = False`.
2026-01-07 22:37:13,941	WARNING resource_manager.py:136 -- ⚠️  Ray's object store is configured to use only 14.7% of available memory (186.3GiB out of 1268.6GiB total). For optimal Ray Data performance, we recommend setting the object store to at least 50% of available memory. You can do this by setting the 'object_store_memory' parameter when calling ray.init() or by setting the RAY_DEFAULT_OBJECT_STORE_MEMORY_PROPORTION environment variable.
2026-01-07 22:37:13,961	INFO progress_bar.py:213 -- === Ray Data Progress {ReadParquet->SplitBlocks(5)} ===
2026-01-07 22:37:13,961	INFO progress_bar.py:215 -- ReadParquet->SplitBlocks(5): Tasks: 10; Actors: 0; Queued blocks: 0 (0.0B); Resources: 10.0 CPU, 3.8GiB object store: Progress Completed 0 / ?
2026-01-07 22:37:13,961	INFO progress_bar.py:213 -- === Ray Data Progress {MapBatches(minhash_gpu_pandas)} ===
2026-01-07 22:37:13,961	INFO progress_bar.py:215 -- MapBatches(minhash_gpu_pandas): Tasks: 0; Actors: 0; Queued blocks: 0 (0.0B); Resources: 0.0 CPU, 0.0B object store: Progress Completed 0 / ?
2026-01-07 22:37:13,961	INFO progress_bar.py:213 -- === Ray Data Progress {Running Dataset} ===
2026-01-07 22:37:13,961	INFO progress_bar.py:215 -- Running Dataset: dataset_1_0. Active & requested resources: 0/96 CPU, 0.0B/93.1GiB object store: Progress Completed 0 / ?
2026-01-07 22:37:19,008	INFO progress_bar.py:215 -- ReadParquet->SplitBlocks(5): Tasks: 0; Actors: 0; Queued blocks: 0 (0.0B); Resources: 0.0 CPU, 5.0GiB object store: Progress Completed 989000 / 988571
2026-01-07 22:37:19,008	INFO progress_bar.py:215 -- MapBatches(minhash_gpu_pandas): Tasks: 10; Actors: 0; Queued blocks: 0 (0.0B); Resources: 0.0 CPU, 10.0 GPU, 3.8GiB object store: Progress Completed 0 / ?
2026-01-07 22:37:19,009	INFO progress_bar.py:215 -- Running Dataset: dataset_1_0. Active & requested resources: 0/96 CPU, 10/16 GPU, 8.7GiB/93.1GiB object store: Progress Completed 0 / ?
2026-01-07 22:37:24,089	INFO progress_bar.py:215 -- ReadParquet->SplitBlocks(5): Tasks: 0; Actors: 0; Queued blocks: 0 (0.0B); Resources: 0.0 CPU, 5.0GiB object store: Progress Completed 989000 / 988571
2026-01-07 22:37:24,089	INFO progress_bar.py:215 -- MapBatches(minhash_gpu_pandas): Tasks: 10; Actors: 0; Queued blocks: 0 (0.0B); Resources: 0.0 CPU, 10.0 GPU, 3.8GiB object store: Progress Completed 0 / ?
2026-01-07 22:37:24,089	INFO progress_bar.py:215 -- Running Dataset: dataset_1_0. Active & requested resources: 0/96 CPU, 10/16 GPU, 8.7GiB/93.1GiB object store: Progress Completed 0 / ?
2026-01-07 22:37:29,092	INFO progress_bar.py:215 -- Running Dataset: dataset_1_0. Active & requested resources: 0/96 CPU, 9/16 GPU, 7.4GiB/93.1GiB object store: Progress Completed 62732 / 660337
2026-01-07 22:37:29,093	INFO progress_bar.py:215 -- ReadParquet->SplitBlocks(5): Tasks: 0; Actors: 0; Queued blocks: 0 (0.0B); Resources: 0.0 CPU, 4.7GiB object store: Progress Completed 989000 / 988571
2026-01-07 22:37:29,093	INFO progress_bar.py:215 -- MapBatches(minhash_gpu_pandas): Tasks: 9; Actors: 0; Queued blocks: 0 (0.0B); Resources: 0.0 CPU, 9.0 GPU, 2.7GiB object store: Progress Completed 62732 / 660337
2026-01-07 22:38:05,740	INFO progress_bar.py:215 -- MapBatches(minhash_gpu_pandas): Tasks: 9; Actors: 0; Queued blocks: 0 (0.0B); Resources: 0.0 CPU, 9.0 GPU, 2.8GiB object store: Progress Completed 175908 / 660337
2026-01-07 22:38:05,740	INFO progress_bar.py:215 -- Running Dataset: dataset_1_0. Active & requested resources: 0/96 CPU, 9/16 GPU, 7.5GiB/93.1GiB object store: Progress Completed 175908 / 660337
2026-01-07 22:38:05,743	INFO progress_bar.py:215 -- ReadParquet->SplitBlocks(5): Tasks: 0; Actors: 0; Queued blocks: 0 (0.0B); Resources: 0.0 CPU, 4.7GiB object store: Progress Completed 989000 / 988571
2026-01-07 22:38:10,866	INFO progress_bar.py:215 -- Running Dataset: dataset_1_0. Active & requested resources: 0/96 CPU, 8/16 GPU, 8.3GiB/93.1GiB object store: Progress Completed 549960 / 879053
2026-01-07 22:38:11,284	INFO progress_bar.py:215 -- ReadParquet->SplitBlocks(5): Tasks: 0; Actors: 0; Queued blocks: 0 (0.0B); Resources: 0.0 CPU, 4.2GiB object store: Progress Completed 989000 / 988571
2026-01-07 22:38:11,286	INFO progress_bar.py:215 -- MapBatches(minhash_gpu_pandas): Tasks: 8; Actors: 0; Queued blocks: 0 (0.0B); Resources: 0.0 CPU, 8.0 GPU, 4.2GiB object store: Progress Completed 663136 / 879053
2026-01-07 22:38:39,454	INFO progress_bar.py:215 -- Running Dataset: dataset_1_0. Active & requested resources: 0/96 CPU, 7/16 GPU, 7.4GiB/93.1GiB object store: Progress Completed 825191 / 939610
2026-01-07 22:38:39,455	INFO progress_bar.py:215 -- ReadParquet->SplitBlocks(5): Tasks: 0; Actors: 0; Queued blocks: 0 (0.0B); Resources: 0.0 CPU, 3.7GiB object store: Progress Completed 989000 / 988571
2026-01-07 22:38:39,455	INFO progress_bar.py:215 -- MapBatches(minhash_gpu_pandas): Tasks: 7; Actors: 0; Queued blocks: 0 (0.0B); Resources: 0.0 CPU, 7.0 GPU, 3.7GiB object store: Progress Completed 881779 / 939610
2026-01-07 22:38:42,933	INFO streaming_executor.py:304 -- ✔️  Dataset dataset_1_0 execution finished in 89.00 seconds
2026-01-07 22:38:43,273  INFO __main__ - ===== Ray (pandas): 92.36475896835327 seconds
2026-01-07 22:38:44,862	INFO progress_bar.py:213 -- === Ray Data Progress {Parquet dataset sampling} ===
2026-01-07 22:38:44,863	INFO progress_bar.py:215 -- Parquet dataset sampling: Progress Completed 2 / 2
2026-01-07 22:38:44,863	INFO parquet_datasource.py:1048 -- Estimated parquet encoding ratio is 1.689.
2026-01-07 22:38:44,863	INFO parquet_datasource.py:1108 -- Estimated parquet reader batch size at 27444 rows
2026-01-07 22:38:51,580	INFO logging.py:397 -- Registered dataset logger for dataset dataset_3_0
2026-01-07 22:38:51,589	INFO streaming_executor.py:178 -- Starting execution of Dataset dataset_3_0. Full logs are in /tmp/ray/session_2026-01-07_22-36-58_024831_3239972/logs/ray-data
2026-01-07 22:38:51,589	INFO streaming_executor.py:179 -- Execution plan of Dataset dataset_3_0: InputDataBuffer[Input] -> TaskPoolMapOperator[ReadParquet] -> TaskPoolMapOperator[MapBatches(minhash_gpu_numpy)]
2026-01-07 22:38:51,620	INFO progress_bar.py:213 -- === Ray Data Progress {ReadParquet->SplitBlocks(5)} ===
2026-01-07 22:38:51,620	INFO progress_bar.py:215 -- ReadParquet->SplitBlocks(5): Tasks: 10; Actors: 0; Queued blocks: 0 (0.0B); Resources: 10.0 CPU, 3.8GiB object store: Progress Completed 0 / ?
2026-01-07 22:38:51,620	INFO progress_bar.py:213 -- === Ray Data Progress {MapBatches(minhash_gpu_numpy)} ===
2026-01-07 22:38:51,620	INFO progress_bar.py:215 -- MapBatches(minhash_gpu_numpy): Tasks: 0; Actors: 0; Queued blocks: 0 (0.0B); Resources: 0.0 CPU, 0.0B object store: Progress Completed 0 / ?
2026-01-07 22:38:51,620	INFO progress_bar.py:213 -- === Ray Data Progress {Running Dataset} ===
2026-01-07 22:38:51,620	INFO progress_bar.py:215 -- Running Dataset: dataset_3_0. Active & requested resources: 0/96 CPU, 0.0B/93.1GiB object store: Progress Completed 0 / ?
2026-01-07 22:38:56,703	INFO progress_bar.py:215 -- ReadParquet->SplitBlocks(5): Tasks: 0; Actors: 0; Queued blocks: 0 (0.0B); Resources: 0.0 CPU, 5.0GiB object store: Progress Completed 989000 / 990000
2026-01-07 22:38:56,703	INFO progress_bar.py:215 -- MapBatches(minhash_gpu_numpy): Tasks: 10; Actors: 0; Queued blocks: 0 (0.0B); Resources: 0.0 CPU, 10.0 GPU, 3.8GiB object store: Progress Completed 0 / ?
2026-01-07 22:38:56,704	INFO progress_bar.py:215 -- Running Dataset: dataset_3_0. Active & requested resources: 0/96 CPU, 10/16 GPU, 8.7GiB/93.1GiB object store: Progress Completed 0 / ?
2026-01-07 22:39:00,198	INFO streaming_executor.py:304 -- ✔️  Dataset dataset_3_0 execution finished in 8.61 seconds
2026-01-07 22:39:02,113  INFO __main__ - ===== Ray (numpy): 18.83993935585022 seconds
2026-01-07 22:39:03,620	INFO progress_bar.py:213 -- === Ray Data Progress {Parquet dataset sampling} ===
2026-01-07 22:39:03,620	INFO progress_bar.py:215 -- Parquet dataset sampling: Progress Completed 1 / 2
2026-01-07 22:39:03,645	INFO parquet_datasource.py:1048 -- Estimated parquet encoding ratio is 1.689.
2026-01-07 22:39:03,645	INFO parquet_datasource.py:1108 -- Estimated parquet reader batch size at 27444 rows
2026-01-07 22:39:03,729	INFO logging.py:397 -- Registered dataset logger for dataset dataset_5_0
2026-01-07 22:39:03,734	INFO streaming_executor.py:178 -- Starting execution of Dataset dataset_5_0. Full logs are in /tmp/ray/session_2026-01-07_22-36-58_024831_3239972/logs/ray-data
2026-01-07 22:39:03,734	INFO streaming_executor.py:179 -- Execution plan of Dataset dataset_5_0: InputDataBuffer[Input] -> TaskPoolMapOperator[ReadParquet] -> ActorPoolMapOperator[MapBatches(GPUMinHashActor)]
2026-01-07 22:39:03,891	INFO progress_bar.py:213 -- === Ray Data Progress {ReadParquet->SplitBlocks(5)} ===
2026-01-07 22:39:03,891	INFO progress_bar.py:215 -- ReadParquet->SplitBlocks(5): Tasks: 10; Actors: 0; Queued blocks: 0 (0.0B); Resources: 10.0 CPU, 3.8GiB object store: Progress Completed 0 / ?
2026-01-07 22:39:03,891	INFO progress_bar.py:213 -- === Ray Data Progress {MapBatches(GPUMinHashActor)} ===
2026-01-07 22:39:03,891	INFO progress_bar.py:215 -- MapBatches(GPUMinHashActor): Tasks: 0; Actors: 1 (running=0, restarting=0, pending=1); Queued blocks: 0 (0.0B); Resources: 0.0 CPU, 0.0B object store; [all objects local]: Progress Completed 0 / ?
2026-01-07 22:39:03,891	INFO progress_bar.py:213 -- === Ray Data Progress {Running Dataset} ===
2026-01-07 22:39:03,891	INFO progress_bar.py:215 -- Running Dataset: dataset_5_0. Active & requested resources: 0/96 CPU, 0.0B/93.1GiB object store (pending: 1 GPU): Progress Completed 0 / ?
2026-01-07 22:39:08,989	INFO progress_bar.py:215 -- ReadParquet->SplitBlocks(5): Tasks: 0; Actors: 0; Queued blocks: 0 (0.0B); Resources: 0.0 CPU, 4.2GiB object store: Progress Completed 989000 / 988889
2026-01-07 22:39:08,989	INFO progress_bar.py:215 -- MapBatches(GPUMinHashActor): Tasks: 6; Actors: 4 (running=3, restarting=0, pending=1); Queued blocks: 66 (1.2GiB); Resources: 0.0 CPU, 3.0 GPU, 312.7MiB object store; [all objects local]: Progress Completed 104291 / 1097800
2026-01-07 22:39:08,989	INFO progress_bar.py:215 -- Running Dataset: dataset_5_0. Active & requested resources: 0/96 CPU, 3/16 GPU, 4.4GiB/93.1GiB object store: Progress Completed 104291 / 1097800
2026-01-07 22:39:14,015	INFO progress_bar.py:215 -- ReadParquet->SplitBlocks(5): Tasks: 0; Actors: 0; Queued blocks: 0 (0.0B); Resources: 0.0 CPU, 1.5GiB object store: Progress Completed 989000 / 988889
2026-01-07 22:39:14,015	INFO progress_bar.py:215 -- MapBatches(GPUMinHashActor): Tasks: 3; Actors: 3; Queued blocks: 0 (0.0B); Resources: 0.0 CPU, 3.0 GPU, 311.8MiB object store; [all objects local]: Progress Completed 727863 / 1032430
2026-01-07 22:39:14,015	INFO progress_bar.py:215 -- Running Dataset: dataset_5_0. Active & requested resources: 0/96 CPU, 3/16 GPU, 1.8GiB/93.1GiB object store: Progress Completed 727863 / 1032430
2026-01-07 22:39:14,924	INFO streaming_executor.py:304 -- ✔️  Dataset dataset_5_0 execution finished in 11.19 seconds
2026-01-07 22:39:16,745  INFO __main__ - ===== Ray (GPU actor): 14.631211042404175 seconds
2026-01-07 22:39:18,504	INFO logging.py:397 -- Registered dataset logger for dataset dataset_7_0
2026-01-07 22:39:18,506	INFO streaming_executor.py:178 -- Starting execution of Dataset dataset_7_0. Full logs are in /tmp/ray/session_2026-01-07_22-36-58_024831_3239972/logs/ray-data
2026-01-07 22:39:18,506	INFO streaming_executor.py:179 -- Execution plan of Dataset dataset_7_0: InputDataBuffer[Input] -> TaskPoolMapOperator[MapBatches(minhash_gpu_numpy)]
2026-01-07 22:39:18,528	INFO progress_bar.py:213 -- === Ray Data Progress {MapBatches(minhash_gpu_numpy)} ===
2026-01-07 22:39:18,528	INFO progress_bar.py:215 -- MapBatches(minhash_gpu_numpy): Tasks: 6; Actors: 0; Queued blocks: 0 (0.0B); Resources: 0.0 CPU, 6.0 GPU, 2.2GiB object store: Progress Completed 0 / ?
2026-01-07 22:39:18,528	INFO progress_bar.py:213 -- === Ray Data Progress {Running Dataset} ===
2026-01-07 22:39:18,528	INFO progress_bar.py:215 -- Running Dataset: dataset_7_0. Active & requested resources: 0/96 CPU, 0.0B/93.1GiB object store: Progress Completed 0 / ?
2026-01-07 22:39:23,597	INFO progress_bar.py:215 -- MapBatches(minhash_gpu_numpy): Tasks: 5; Actors: 0; Queued blocks: 0 (0.0B); Resources: 0.0 CPU, 5.0 GPU, 499.7MiB object store: Progress Completed 100000 / 1000000
2026-01-07 22:39:23,597	INFO progress_bar.py:215 -- Running Dataset: dataset_7_0. Active & requested resources: 0/96 CPU, 5/16 GPU, 499.7MiB/93.1GiB object store: Progress Completed 100000 / 1000000
2026-01-07 22:39:26,848	INFO streaming_executor.py:304 -- ✔️  Dataset dataset_7_0 execution finished in 8.34 seconds
2026-01-07 22:39:28,664  INFO __main__ - ===== Ray (arrow + numpy): 11.9189133644104 seconds
2026-01-07 22:39:28,719	INFO logging.py:397 -- Registered dataset logger for dataset dataset_10_0
2026-01-07 22:39:28,721	INFO streaming_executor.py:178 -- Starting execution of Dataset dataset_10_0. Full logs are in /tmp/ray/session_2026-01-07_22-36-58_024831_3239972/logs/ray-data
2026-01-07 22:39:28,721	INFO streaming_executor.py:179 -- Execution plan of Dataset dataset_10_0: InputDataBuffer[Input] -> TaskPoolMapOperator[MapBatches(minhash_gpu_fused)]
2026-01-07 22:39:28,737	INFO progress_bar.py:213 -- === Ray Data Progress {MapBatches(minhash_gpu_fused)} ===
2026-01-07 22:39:28,737	INFO progress_bar.py:215 -- MapBatches(minhash_gpu_fused): Tasks: 1; Actors: 0; Queued blocks: 0 (0.0B); Resources: 0.0 CPU, 1.0 GPU, 384.0MiB object store: Progress Completed 0 / ?
2026-01-07 22:39:28,737	INFO progress_bar.py:213 -- === Ray Data Progress {Running Dataset} ===
2026-01-07 22:39:28,737	INFO progress_bar.py:215 -- Running Dataset: dataset_10_0. Active & requested resources: 0/96 CPU, 0.0B/93.1GiB object store: Progress Completed 0 / ?
2026-01-07 22:39:33,799	INFO progress_bar.py:215 -- MapBatches(minhash_gpu_fused): Tasks: 1; Actors: 0; Queued blocks: 0 (0.0B); Resources: 0.0 CPU, 1.0 GPU, 384.0MiB object store: Progress Completed 0 / ?
2026-01-07 22:39:33,799	INFO progress_bar.py:215 -- Running Dataset: dataset_10_0. Active & requested resources: 0/96 CPU, 1/16 GPU, 384.0MiB/93.1GiB object store: Progress Completed 0 / ?
2026-01-07 22:39:35,273	INFO streaming_executor.py:304 -- ✔️  Dataset dataset_10_0 execution finished in 6.55 seconds
2026-01-07 22:39:35,300  INFO __main__ - ===== Ray (fused): 6.636363744735718 seconds
